<testsuites name="results">
  <testsuite name="all" package="all">
    <property name="random_seed" value="1757848167" />
    <testcase name="test_project" classname="test" file="/home/runner/work/Tiny_Tapeout_Counter/Tiny_Tapeout_Counter/test/test.py" lineno="9" time="0.00995635986328125" sim_time_ns="110.001" ratio_time="11048.31499770115" />
  </testsuite>
</testsuites>
